// Jest Snapshot v1, https://goo.gl/fbAQLP

exports[`AuthBoxHeader -> snapshot test: 1`] = `
<div>
  <div
    class="MuiBox-root css-1snj1at"
  >
    <span
      id="test-span"
    />
    <span
      id="test-span"
    />
    <span
      id="test-span"
    />
  </div>
</div>
`;
