// Jest Snapshot v1, https://goo.gl/fbAQLP

exports[`AuthModal -> snapshot test: 1`] = `
<div
  aria-hidden="true"
/>
`;
